// Jest Snapshot v1, https://goo.gl/fbAQLP

exports[`should render AddShuttlePage correctly 1`] = `
<div>
  <h1>
    Add Shuttle
  </h1>
  <[object Object]
    onSubmit={[Function]}
  />
</div>
`;
