// Jest Snapshot v1, https://goo.gl/fbAQLP

exports[`should render the EditShuttlePage 1`] = `
<div>
  <WithStyles(ShuttleForm)
    onSubmit={[Function]}
    shuttle={
      Object {
        "cost": 550,
        "date": "1970-01-01T00:05:00.000Z",
        "destination": "Rossland",
        "id": 3,
        "origin": "Malde Creek",
        "spots": 4,
        "time": "1970-01-01T00:05:00.000Z",
      }
    }
  />
  <button
    onClick={[Function]}
  >
    Remove
  </button>
</div>
`;
