// Jest Snapshot v1, https://goo.gl/fbAQLP

exports[`should render Header correctly 1`] = `
<div>
  <h1>
    ShuttleShare
  </h1>
  <h2>
    Rossland rideshare for people and bikes
  </h2>
  <NavLink
    activeClassName="is-active"
    exact={true}
    to="/"
  >
    Home
  </NavLink>
  <NavLink
    activeClassName="is-active"
    to="/create"
  >
    Add Shuttle
  </NavLink>
  <NavLink
    activeClassName="is-active"
    to="/help"
  >
    Help
  </NavLink>
</div>
`;
