// Jest Snapshot v1, https://goo.gl/fbAQLP

exports[`should render ShuttleDashboardPage correctly 1`] = `
<div>
  <Connect(ShuttleList) />
</div>
`;
